// Jest Snapshot v1, https://goo.gl/fbAQLP

exports[`ArticleImage tests renders correctly 1`] = `
<div>
  <img
    alt="hello"
    class="image"
    src="http://www.123.com"
  />
</div>
`;
